// Jest Snapshot v1, https://goo.gl/fbAQLP

exports[`renders a snapshot of <Editor /> 1`] = `
<div
  className="text-editor"
>
  <div
    id="toolbar"
  >
    <span
      className="ql-formats"
    >
      <select
        className="ql-header"
        defaultValue="3"
      >
        <option
          value="1"
        >
          Heading
        </option>
        <option
          value="2"
        >
          Subheading
        </option>
        <option
          value="3"
        >
          Normal
        </option>
      </select>
    </span>
    <span
      className="ql-formats"
    >
      <button
        className="ql-bold"
      />
      <button
        className="ql-italic"
      />
      <button
        className="ql-underline"
      />
      <button
        className="ql-strike"
      />
    </span>
    <span
      className="ql-formats"
    >
      <button
        className="ql-list"
        value="ordered"
      />
      <button
        className="ql-list"
        value="bullet"
      />
      <button
        className="ql-indent"
        value="-1"
      />
      <button
        className="ql-indent"
        value="+1"
      />
    </span>
    <span
      className="ql-formats"
    >
      <button
        className="ql-script"
        value="super"
      />
      <button
        className="ql-script"
        value="sub"
      />
      <button
        className="ql-blockquote"
      />
    </span>
    <span
      className="ql-formats"
    >
      <select
        className="ql-color"
      />
      <select
        className="ql-background"
      />
    </span>
  </div>
</div>
`;
