// Jest Snapshot v1, https://goo.gl/fbAQLP

exports[`renders as snapshot of <Table /> using MOCK data 1`] = `
<div
  className="tableContainer"
>
  <table
    className="table"
  >
    <thead>
      <tr>
        <th>
          Ticket ID
        </th>
        <th>
          Subject
        </th>
        <th>
          Date
        </th>
        <th>
          Department
        </th>
        <th>
          Status
        </th>
      </tr>
    </thead>
    <tbody
      className="t-body"
    >
      <tr>
        <td>
          1
        </td>
        <td>
          mockHeading1
        </td>
        <td>
          2022-01-01 13:15:00
        </td>
        <td>
          technical
        </td>
        <td>
          <div
            style={
              Object {
                "background": "#1455e042",
                "borderRadius": "5px",
                "textAlign": "center",
                "width": "80px",
              }
            }
          >
            <p
              style={
                Object {
                  "color": "#002d8f",
                }
              }
            >
              Pending
            </p>
          </div>
        </td>
      </tr>
      <tr>
        <td>
          2
        </td>
        <td>
          mockHeading2
        </td>
        <td>
          2022-01-01 13:15:00
        </td>
        <td>
          general
        </td>
        <td>
          <div
            style={
              Object {
                "background": "#1455e042",
                "borderRadius": "5px",
                "textAlign": "center",
                "width": "80px",
              }
            }
          >
            <p
              style={
                Object {
                  "color": "#002d8f",
                }
              }
            >
              Pending
            </p>
          </div>
        </td>
      </tr>
      <tr>
        <td>
          3
        </td>
        <td>
          mockHeading3
        </td>
        <td>
          2022-01-01 13:15:00
        </td>
        <td>
          billing
        </td>
        <td>
          <div
            style={
              Object {
                "background": "#1455e042",
                "borderRadius": "5px",
                "textAlign": "center",
                "width": "80px",
              }
            }
          >
            <p
              style={
                Object {
                  "color": "#002d8f",
                }
              }
            >
              Pending
            </p>
          </div>
        </td>
      </tr>
    </tbody>
  </table>
</div>
`;
